
/home/runner/work/exp-foundation-formwork-peri-iitd/exp-foundation-formwork-peri-iitd/experiment/simulation/final_styling/fix_styling.js
  17:7  warning  '$' is not defined  no-undef
  83:9  warning  '$' is not defined  no-undef
  87:9  warning  '$' is not defined  no-undef
  88:9  warning  '$' is not defined  no-undef
  95:3  warning  '$' is not defined  no-undef

/home/runner/work/exp-foundation-formwork-peri-iitd/exp-foundation-formwork-peri-iitd/experiment/simulation/js/anime.min.js
  8:69    warning  'module' is not defined                                                    no-undef
  8:115   warning  'define' is not defined                                                    no-undef
  8:126   warning  'define' is not defined                                                    no-undef
  8:913   warning  Do not access Object.prototype method 'hasOwnProperty' from target object  no-prototype-builtins
  8:1477  warning  Do not access Object.prototype method 'hasOwnProperty' from target object  no-prototype-builtins
  8:1499  warning  Do not access Object.prototype method 'hasOwnProperty' from target object  no-prototype-builtins
  8:4944  warning  Do not access Object.prototype method 'hasOwnProperty' from target object  no-prototype-builtins
  8:5090  warning  Expected a conditional expression and instead saw an assignment            no-cond-assign
  8:6945  warning  Expected a conditional expression and instead saw an assignment            no-cond-assign

/home/runner/work/exp-foundation-formwork-peri-iitd/exp-foundation-formwork-peri-iitd/experiment/simulation/js/jquery.min.js
  2:71     warning  'module' is not defined                                                    no-undef
  2:86     warning  'module' is not defined                                                    no-undef
  2:3270   warning  Expected a conditional expression and instead saw an assignment            no-cond-assign
  2:4597   warning  Unexpected control character(s) in regular expression: \x1f                no-control-regex
  2:6820   warning  Expected a conditional expression and instead saw an assignment            no-cond-assign
  2:7258   warning  Expected a conditional expression and instead saw an assignment            no-cond-assign
  2:9646   warning  Expected a conditional expression and instead saw an assignment            no-cond-assign
  2:11943  warning  Expected a conditional expression and instead saw an assignment            no-cond-assign
  2:13856  warning  Expected a conditional expression and instead saw an assignment            no-cond-assign
  2:14066  warning  Expected a conditional expression and instead saw an assignment            no-cond-assign
  2:14224  warning  Expected a conditional expression and instead saw an assignment            no-cond-assign
  2:14540  warning  Do not access Object.prototype method 'hasOwnProperty' from target object  no-prototype-builtins
  2:15232  warning  Expected a conditional expression and instead saw an assignment            no-cond-assign
  2:15588  warning  Empty block statement                                                      no-empty
  2:17443  warning  Expected a conditional expression and instead saw an assignment            no-cond-assign
  2:17541  warning  Expected a conditional expression and instead saw an assignment            no-cond-assign
  2:17601  warning  Expected a conditional expression and instead saw an assignment            no-cond-assign
  2:17728  warning  Expected a conditional expression and instead saw an assignment            no-cond-assign
  2:18898  warning  Expected a conditional expression and instead saw an assignment            no-cond-assign
  2:19630  warning  Expected a conditional expression and instead saw an assignment            no-cond-assign
  2:19743  warning  Expected a conditional expression and instead saw an assignment            no-cond-assign
  2:21298  warning  Unnecessary escape character: \/                                           no-useless-escape
  2:31055  warning  Empty block statement                                                      no-empty
  2:34816  warning  Unnecessary escape character: \/                                           no-useless-escape
  2:36474  warning  Expected a conditional expression and instead saw an assignment            no-cond-assign
  2:36590  warning  Expected a conditional expression and instead saw an assignment            no-cond-assign
  2:43519  warning  Expected a conditional expression and instead saw an assignment            no-cond-assign
  2:47142  warning  Expected a conditional expression and instead saw an assignment            no-cond-assign
  2:48710  warning  Empty block statement                                                      no-empty
  2:57439  warning  Expected a conditional expression and instead saw an assignment            no-cond-assign
  2:58614  warning  Expected a conditional expression and instead saw an assignment            no-cond-assign
  2:64312  warning  Expected a conditional expression and instead saw an assignment            no-cond-assign
  2:67209  warning  Expected a conditional expression and instead saw an assignment            no-cond-assign
  2:68903  warning  Empty block statement                                                      no-empty
  2:72295  warning  Expected a conditional expression and instead saw an assignment            no-cond-assign
  2:73901  warning  Expected a conditional expression and instead saw an assignment            no-cond-assign
  2:74681  warning  'r.href' is assigned to itself                                             no-self-assign
  2:79557  warning  Empty block statement                                                      no-empty
  2:82697  warning  Expected a conditional expression and instead saw an assignment            no-cond-assign
  2:87218  warning  'define' is not defined                                                    no-undef
  2:87230  warning  'define' is not defined                                                    no-undef

/home/runner/work/exp-foundation-formwork-peri-iitd/exp-foundation-formwork-peri-iitd/experiment/simulation/js/layout.js
   9:10  warning  'nextDrawerItem' is defined but never used  no-unused-vars
  18:3   warning  'get' is not defined                        no-undef
  21:10  warning  'backDrawerItem' is defined but never used  no-unused-vars
  96:7   warning  'anime' is not defined                      no-undef

/home/runner/work/exp-foundation-formwork-peri-iitd/exp-foundation-formwork-peri-iitd/experiment/simulation/js/main.js
    10:2   warning  Unnecessary semicolon                               no-extra-semi
   181:7   warning  'ChartGraph' is assigned a value but never used     no-unused-vars
   185:6   warning  'Graph1' is not defined                             no-undef
   189:6   warning  'Graph2' is not defined                             no-undef
   193:6   warning  'Graph3' is not defined                             no-undef
   197:6   warning  'Graph4' is not defined                             no-undef
   213:23  warning  'Chart' is not defined                              no-undef
   247:5   warning  'isPerformNext' is assigned a value but never used  no-unused-vars
   295:7   warning  'opacity' is assigned a value but never used        no-unused-vars
   301:7   warning  'hideAll' is assigned a value but never used        no-unused-vars
   301:28  warning  'disp' is assigned a value but never used           no-unused-vars
   307:7   warning  'showAll' is assigned a value but never used        no-unused-vars
   307:28  warning  'disp' is assigned a value but never used           no-unused-vars
   314:7   warning  'set' is assigned a value but never used            no-unused-vars
   338:34  warning  'anime' is not defined                              no-undef
   348:29  warning  'speed' is assigned a value but never used          no-unused-vars
   365:15  warning  'Typed' is not defined                              no-undef
   367:22  warning  'anime' is not defined                              no-undef
   369:8   warning  Unnecessary semicolon                               no-extra-semi
   386:19  warning  'src' is not defined                                no-undef
   516:17  warning  'anime' is not defined                              no-undef
   669:10  warning  'cursorPointer' is defined but never used           no-unused-vars
   764:10  warning  'i' is not defined                                  no-undef
   765:18  warning  'i' is not defined                                  no-undef
   767:10  warning  'i' is not defined                                  no-undef
   768:11  warning  'i' is not defined                                  no-undef
   768:28  warning  'i' is not defined                                  no-undef
   768:48  warning  'i' is not defined                                  no-undef
   771:25  warning  'i' is not defined                                  no-undef
   840:6   warning  'intro' is not defined                              no-undef
   879:18  warning  'anime' is not defined                              no-undef
   901:34  warning  'Typed' is not defined                              no-undef
   939:6   warning  'objective' is not defined                          no-undef
   973:22  warning  'anime' is not defined                              no-undef
   983:6   warning  'step1' is not defined                              no-undef
   991:22  warning  'anime' is not defined                              no-undef
  1047:6   warning  'step2' is not defined                              no-undef
  1117:28  warning  'anime' is not defined                              no-undef
  1204:6   warning  'step4' is not defined                              no-undef
  1305:24  warning  'anime' is not defined                              no-undef
  1334:36  warning  'anime' is not defined                              no-undef
  1363:44  warning  'anime' is not defined                              no-undef
  1398:48  warning  'i' is assigned a value but never used              no-unused-vars
  1402:54  warning  'anime' is not defined                              no-undef
  1437:45  warning  'animeObjSmall' is assigned a value but never used  no-unused-vars
  1437:61  warning  'anime' is not defined                              no-undef
  1466:62  warning  'anime' is not defined                              no-undef
  1482:66  warning  'anime' is not defined                              no-undef
  1496:70  warning  'anime' is not defined                              no-undef
  1510:74  warning  'anime' is not defined                              no-undef
  1582:23  warning  'animeObjSmall' is not defined                      no-undef
  1587:6   warning  'step5' is not defined                              no-undef
  1660:24  warning  'anime' is not defined                              no-undef
  1696:25  warning  'anime' is not defined                              no-undef
  1717:27  warning  'anime' is not defined                              no-undef
  1728:6   warning  'completed' is not defined                          no-undef
  1774:7   warning  'backDrawerItem' is not defined                     no-undef
  1775:7   warning  'backProgressBar' is not defined                    no-undef
  1792:9   warning  'nextDrawerItem' is not defined                     no-undef
  1793:9   warning  'nextProgressBar' is not defined                    no-undef
  1796:12  warning  Empty block statement                               no-empty

/home/runner/work/exp-foundation-formwork-peri-iitd/exp-foundation-formwork-peri-iitd/experiment/simulation/js/progressBar.js
   2:7  warning  'prevBtns' is assigned a value but never used         no-unused-vars
   3:7  warning  'nextBtns' is assigned a value but never used         no-unused-vars
  12:7  warning  'nextProgressBar' is assigned a value but never used  no-unused-vars
  19:7  warning  'backProgressBar' is assigned a value but never used  no-unused-vars

✖ 124 problems (0 errors, 124 warnings)
  0 errors and 2 warnings potentially fixable with the `--fix` option.

